

================================================================
== Vitis HLS Report for 'pad'
================================================================
* Date:           Sun Jun 20 17:16:56 2021

* Version:        2020.2 (Build 3064766 on Wed Nov 18 09:12:45 MST 2020)
* Project:        sha256
* Solution:       optimize_1 (Vivado IP Flow Target)
* Product family: virtexuplus
* Target device:  xcvu11p-flga2577-1-e


================================================================
== Performance Estimates
================================================================
+ Timing: 
    * Summary: 
    +--------+----------+----------+------------+
    |  Clock |  Target  | Estimated| Uncertainty|
    +--------+----------+----------+------------+
    |ap_clk  |  10.00 ns|  6.490 ns|     2.70 ns|
    +--------+----------+----------+------------+

+ Latency: 
    * Summary: 
    +---------+---------+----------+----------+-----+-----+---------+
    |  Latency (cycles) |  Latency (absolute) |  Interval | Pipeline|
    |   min   |   max   |    min   |    max   | min | max |   Type  |
    +---------+---------+----------+----------+-----+-----+---------+
    |       27|      755|  0.270 us|  7.550 us|   27|  755|     none|
    +---------+---------+----------+----------+-----+-----+---------+

    + Detail: 
        * Instance: 
        +---------------------+----------+---------+---------+----------+----------+-----+-----+---------+
        |                     |          |  Latency (cycles) |  Latency (absolute) |  Interval | Pipeline|
        |       Instance      |  Module  |   min   |   max   |    min   |    max   | min | max |   Type  |
        +---------------------+----------+---------+---------+----------+----------+-----+-----+---------+
        |grp_compress_fu_260  |compress  |      101|      101|  1.010 us|  1.010 us|  101|  101|     none|
        +---------------------+----------+---------+---------+----------+----------+-----+-----+---------+

        * Loop: 
        N/A



================================================================
== Utilization Estimates
================================================================
* Summary: 
+---------------------+---------+------+---------+---------+-----+
|         Name        | BRAM_18K|  DSP |    FF   |   LUT   | URAM|
+---------------------+---------+------+---------+---------+-----+
|DSP                  |        -|     -|        -|        -|    -|
|Expression           |        -|     -|        0|     2032|    -|
|FIFO                 |        -|     -|        -|        -|    -|
|Instance             |        8|     -|     8007|    40833|    -|
|Memory               |        -|     -|        -|        -|    -|
|Multiplexer          |        -|     -|        -|      600|    -|
|Register             |        -|     -|      146|        -|    -|
+---------------------+---------+------+---------+---------+-----+
|Total                |        8|     0|     8153|    43465|    0|
+---------------------+---------+------+---------+---------+-----+
|Available SLR        |     1344|  3072|   864000|   432000|  320|
+---------------------+---------+------+---------+---------+-----+
|Utilization SLR (%)  |       ~0|     0|       ~0|       10|    0|
+---------------------+---------+------+---------+---------+-----+
|Available            |     4032|  9216|  2592000|  1296000|  960|
+---------------------+---------+------+---------+---------+-----+
|Utilization (%)      |       ~0|     0|       ~0|        3|    0|
+---------------------+---------+------+---------+---------+-----+

+ Detail: 
    * Instance: 
    +---------------------+----------+---------+----+------+-------+-----+
    |       Instance      |  Module  | BRAM_18K| DSP|  FF  |  LUT  | URAM|
    +---------------------+----------+---------+----+------+-------+-----+
    |grp_compress_fu_260  |compress  |        8|   0|  8007|  40833|    0|
    +---------------------+----------+---------+----+------+-------+-----+
    |Total                |          |        8|   0|  8007|  40833|    0|
    +---------------------+----------+---------+----+------+-------+-----+

    * DSP: 
    N/A

    * Memory: 
    N/A

    * FIFO: 
    N/A

    * Expression: 
    +------------------------+----------+----+---+-----+------------+------------+
    |      Variable Name     | Operation| DSP| FF| LUT | Bitwidth P0| Bitwidth P1|
    +------------------------+----------+----+---+-----+------------+------------+
    |add_ln112_10_fu_583_p2  |         +|   0|  0|   14|           7|           1|
    |add_ln112_11_fu_662_p2  |         +|   0|  0|   14|           7|           1|
    |add_ln112_12_fu_741_p2  |         +|   0|  0|   14|           7|           1|
    |add_ln112_1_fu_419_p2   |         +|   0|  0|   39|          32|           1|
    |add_ln112_2_fu_498_p2   |         +|   0|  0|   39|          32|           1|
    |add_ln112_3_fu_577_p2   |         +|   0|  0|   39|          32|           1|
    |add_ln112_4_fu_656_p2   |         +|   0|  0|   39|          32|           1|
    |add_ln112_5_fu_735_p2   |         +|   0|  0|   39|          32|           1|
    |add_ln112_6_fu_810_p2   |         +|   0|  0|   39|          32|           1|
    |add_ln112_7_fu_334_p2   |         +|   0|  0|   14|           7|           1|
    |add_ln112_8_fu_425_p2   |         +|   0|  0|   14|           7|           1|
    |add_ln112_9_fu_504_p2   |         +|   0|  0|   14|           7|           1|
    |add_ln112_fu_340_p2     |         +|   0|  0|   39|          32|           1|
    |add_ln115_fu_356_p2     |         +|   0|  0|   71|          64|          10|
    |grp_fu_266_p2           |         +|   0|  0|   71|          64|          10|
    |icmp_ln113_1_fu_436_p2  |      icmp|   0|  0|   20|          32|           7|
    |icmp_ln113_2_fu_515_p2  |      icmp|   0|  0|   20|          32|           7|
    |icmp_ln113_3_fu_594_p2  |      icmp|   0|  0|   20|          32|           7|
    |icmp_ln113_4_fu_673_p2  |      icmp|   0|  0|   20|          32|           7|
    |icmp_ln113_5_fu_752_p2  |      icmp|   0|  0|   20|          32|           7|
    |icmp_ln113_6_fu_821_p2  |      icmp|   0|  0|   20|          32|           7|
    |icmp_ln113_fu_350_p2    |      icmp|   0|  0|   20|          32|           7|
    |shl_ln111_10_fu_548_p2  |       shl|   0|  0|  182|          64|          64|
    |shl_ln111_11_fu_608_p2  |       shl|   0|  0|   17|           1|           8|
    |shl_ln111_13_fu_627_p2  |       shl|   0|  0|  182|          64|          64|
    |shl_ln111_14_fu_687_p2  |       shl|   0|  0|   17|           1|           8|
    |shl_ln111_16_fu_706_p2  |       shl|   0|  0|  182|          64|          64|
    |shl_ln111_17_fu_766_p2  |       shl|   0|  0|   17|           1|           8|
    |shl_ln111_19_fu_785_p2  |       shl|   0|  0|  182|          64|          64|
    |shl_ln111_2_fu_312_p2   |       shl|   0|  0|  182|          64|          64|
    |shl_ln111_3_fu_371_p2   |       shl|   0|  0|   17|           1|           8|
    |shl_ln111_5_fu_390_p2   |       shl|   0|  0|  182|          64|          64|
    |shl_ln111_6_fu_450_p2   |       shl|   0|  0|   17|           1|           8|
    |shl_ln111_8_fu_469_p2   |       shl|   0|  0|  182|          64|          64|
    |shl_ln111_9_fu_529_p2   |       shl|   0|  0|   17|           1|           8|
    |shl_ln111_fu_293_p2     |       shl|   0|  0|   17|           1|           8|
    +------------------------+----------+----+---+-----+------------+------------+
    |Total                   |          |   0|  0| 2032|        1073|         586|
    +------------------------+----------+----+---+-----+------------+------------+

    * Multiplexer: 
    +------------------+-----+-----------+-----+-----------+
    |       Name       | LUT | Input Size| Bits| Total Bits|
    +------------------+-----+-----------+-----+-----------+
    |ap_NS_fsm         |  217|         50|    1|         50|
    |ctx_address0      |   65|         16|    4|         64|
    |ctx_address1      |   65|         12|    4|         48|
    |ctx_ce0           |   14|          3|    1|          3|
    |ctx_ce1           |   14|          3|    1|          3|
    |ctx_d0            |   65|         16|   64|       1024|
    |ctx_d1            |   31|          6|   64|        384|
    |ctx_we0           |   49|          9|    8|         72|
    |ctx_we1           |   26|          5|    8|         40|
    |empty_43_reg_205  |    9|          2|    7|         14|
    |empty_44_reg_216  |    9|          2|    7|         14|
    |empty_45_reg_227  |    9|          2|    7|         14|
    |empty_46_reg_238  |    9|          2|    7|         14|
    |empty_47_reg_249  |    9|          2|    7|         14|
    |empty_reg_194     |    9|          2|    7|         14|
    +------------------+-----+-----------+-----+-----------+
    |Total             |  600|        132|  197|       1772|
    +------------------+-----+-----------+-----+-----------+

    * Register: 
    +----------------------------------+----+----+-----+-----------+
    |               Name               | FF | LUT| Bits| Const Bits|
    +----------------------------------+----+----+-----+-----------+
    |add_ln112_7_reg_849               |   7|   0|    7|          0|
    |ap_CS_fsm                         |  49|   0|   49|          0|
    |empty_43_reg_205                  |   7|   0|    7|          0|
    |empty_44_reg_216                  |   7|   0|    7|          0|
    |empty_45_reg_227                  |   7|   0|    7|          0|
    |empty_46_reg_238                  |   7|   0|    7|          0|
    |empty_47_reg_249                  |   7|   0|    7|          0|
    |empty_reg_194                     |   7|   0|    7|          0|
    |grp_compress_fu_260_ap_start_reg  |   1|   0|    1|          0|
    |icmp_ln113_1_reg_869              |   1|   0|    1|          0|
    |icmp_ln113_2_reg_884              |   1|   0|    1|          0|
    |icmp_ln113_3_reg_899              |   1|   0|    1|          0|
    |icmp_ln113_4_reg_914              |   1|   0|    1|          0|
    |icmp_ln113_5_reg_929              |   1|   0|    1|          0|
    |icmp_ln113_6_reg_939              |   1|   0|    1|          0|
    |icmp_ln113_reg_854                |   1|   0|    1|          0|
    |trunc_ln111_reg_834               |  32|   0|   32|          0|
    |zext_ln111_reg_839                |   8|   0|   64|         56|
    +----------------------------------+----+----+-----+-----------+
    |Total                             | 146|   0|  202|         56|
    +----------------------------------+----+----+-----+-----------+



================================================================
== Interface
================================================================
* Summary: 
+--------------+-----+-----+------------+--------------+--------------+
|   RTL Ports  | Dir | Bits|  Protocol  | Source Object|    C Type    |
+--------------+-----+-----+------------+--------------+--------------+
|ap_clk        |   in|    1|  ap_ctrl_hs|           pad|  return value|
|ap_rst        |   in|    1|  ap_ctrl_hs|           pad|  return value|
|ap_start      |   in|    1|  ap_ctrl_hs|           pad|  return value|
|ap_done       |  out|    1|  ap_ctrl_hs|           pad|  return value|
|ap_idle       |  out|    1|  ap_ctrl_hs|           pad|  return value|
|ap_ready      |  out|    1|  ap_ctrl_hs|           pad|  return value|
|ctx_address0  |  out|    4|   ap_memory|           ctx|         array|
|ctx_ce0       |  out|    1|   ap_memory|           ctx|         array|
|ctx_we0       |  out|    8|   ap_memory|           ctx|         array|
|ctx_d0        |  out|   64|   ap_memory|           ctx|         array|
|ctx_q0        |   in|   64|   ap_memory|           ctx|         array|
|ctx_address1  |  out|    4|   ap_memory|           ctx|         array|
|ctx_ce1       |  out|    1|   ap_memory|           ctx|         array|
|ctx_we1       |  out|    8|   ap_memory|           ctx|         array|
|ctx_d1        |  out|   64|   ap_memory|           ctx|         array|
|ctx_q1        |   in|   64|   ap_memory|           ctx|         array|
|p_read        |   in|    8|     ap_none|        p_read|        scalar|
+--------------+-----+-----+------------+--------------+--------------+

