

================================================================
== Synthesis Summary Report of 'sha256'
================================================================
+ General Information: 
    * Date:           Mon May 24 21:24:22 2021
    * Version:        2020.2 (Build 3064766 on Wed Nov 18 09:12:45 MST 2020)
    * Project:        sha256
    * Solution:       solution2_1_hash (Vivado IP Flow Target)
    * Product family: virtexuplus
    * Target device:  xcvu11p-flga2577-1-e
    

+ Performance & Resource Estimates: 
    
    PS: '+' for module; 'o' for loop; '*' for dataflow
    +----------------------------+------+-------+---------+-----------+----------+---------+------+----------+------+----+-------------+-------------+-----+
    |           Modules          | Issue|       | Latency |  Latency  | Iteration|         | Trip |          |      |    |             |             |     |
    |           & Loops          | Type | Slack | (cycles)|    (ns)   |  Latency | Interval| Count| Pipelined| BRAM | DSP|      FF     |     LUT     | URAM|
    +----------------------------+------+-------+---------+-----------+----------+---------+------+----------+------+----+-------------+-------------+-----+
    |+ sha256                    |     -|  -0.01|        -|          -|         -|        -|     -|        no|     -|   -|  24650 (~0%)|  107435 (8%)|    -|
    | + grp_sha256_final_fu_129  |     -|  -0.01|        -|          -|         -|        -|     -|        no|     -|   -|  12484 (~0%)|   53424 (4%)|    -|
    |  + grp_compress_fu_395     |     -|  -0.01|       42|    420.000|         -|       42|     -|        no|     -|   -|  11995 (~0%)|   51122 (3%)|    -|
    |  o sha_final_loop_1        |     -|  -7.30|        -|          -|         1|        1|     -|       yes|     -|   -|            -|            -|    -|
    |  o sha_final_loop_2        |     -|  -7.30|        -|          -|         1|        1|     -|       yes|     -|   -|            -|            -|    -|
    |  o Loop 3                  |     -|  -7.30|       56|    560.000|         1|        1|    56|       yes|     -|   -|            -|            -|    -|
    |  o sha_final_loop_3        |    II|  -7.30|       16|    160.000|         4|        4|     4|       yes|     -|   -|            -|            -|    -|
    | + grp_pad_fu_136           |     -|  -0.01|      342|  3.420e+03|         -|      342|     -|        no|     -|   -|  12141 (~0%)|   53754 (4%)|    -|
    |  + grp_compress_fu_260     |     -|  -0.01|       42|    420.000|         -|       42|     -|        no|     -|   -|  11995 (~0%)|   51122 (3%)|    -|
    +----------------------------+------+-------+---------+-----------+----------+---------+------+----------+------+----+-------------+-------------+-----+

