

================================================================
== Vitis HLS Report for 'sha256'
================================================================
* Date:           Mon May 24 21:24:07 2021

* Version:        2020.2 (Build 3064766 on Wed Nov 18 09:12:45 MST 2020)
* Project:        sha256
* Solution:       solution2_1_hash (Vivado IP Flow Target)
* Product family: virtexuplus
* Target device:  xcvu11p-flga2577-1-e


================================================================
== Performance Estimates
================================================================
+ Timing: 
    * Summary: 
    +--------+----------+----------+------------+
    |  Clock |  Target  | Estimated| Uncertainty|
    +--------+----------+----------+------------+
    |ap_clk  |  10.00 ns|  7.289 ns|     2.70 ns|
    +--------+----------+----------+------------+

+ Latency: 
    * Summary: 
    +---------+---------+----------+----------+-----+-----+---------+
    |  Latency (cycles) |  Latency (absolute) |  Interval | Pipeline|
    |   min   |   max   |    min   |    max   | min | max |   Type  |
    +---------+---------+----------+----------+-----+-----+---------+
    |        ?|        ?|         ?|         ?|    ?|    ?|     none|
    +---------+---------+----------+----------+-----+-----+---------+

    + Detail: 
        * Instance: 
        +-------------------------+--------------+---------+---------+----------+----------+-----+-----+---------+
        |                         |              |  Latency (cycles) |  Latency (absolute) |  Interval | Pipeline|
        |         Instance        |    Module    |   min   |   max   |    min   |    max   | min | max |   Type  |
        +-------------------------+--------------+---------+---------+----------+----------+-----+-----+---------+
        |grp_sha256_final_fu_129  |sha256_final  |        ?|        ?|         ?|         ?|    ?|    ?|     none|
        |grp_pad_fu_136           |pad           |       27|      342|  0.270 us|  3.420 us|   27|  342|     none|
        +-------------------------+--------------+---------+---------+----------+----------+-----+-----+---------+

        * Loop: 
        N/A



================================================================
== Utilization Estimates
================================================================
* Summary: 
+---------------------+---------+------+---------+---------+-----+
|         Name        | BRAM_18K|  DSP |    FF   |   LUT   | URAM|
+---------------------+---------+------+---------+---------+-----+
|DSP                  |        -|     -|        -|        -|    -|
|Expression           |        -|     -|        -|        -|    -|
|FIFO                 |        -|     -|        -|        -|    -|
|Instance             |        -|     -|    24625|   107178|    -|
|Memory               |        0|     -|       16|        4|    -|
|Multiplexer          |        -|     -|        -|      253|    -|
|Register             |        -|     -|        9|        -|    -|
+---------------------+---------+------+---------+---------+-----+
|Total                |        0|     0|    24650|   107435|    0|
+---------------------+---------+------+---------+---------+-----+
|Available SLR        |     1344|  3072|   864000|   432000|  320|
+---------------------+---------+------+---------+---------+-----+
|Utilization SLR (%)  |        0|     0|        2|       24|    0|
+---------------------+---------+------+---------+---------+-----+
|Available            |     4032|  9216|  2592000|  1296000|  960|
+---------------------+---------+------+---------+---------+-----+
|Utilization (%)      |        0|     0|       ~0|        8|    0|
+---------------------+---------+------+---------+---------+-----+

+ Detail: 
    * Instance: 
    +-------------------------+--------------+---------+----+-------+-------+-----+
    |         Instance        |    Module    | BRAM_18K| DSP|   FF  |  LUT  | URAM|
    +-------------------------+--------------+---------+----+-------+-------+-----+
    |grp_pad_fu_136           |pad           |        0|   0|  12141|  53754|    0|
    |grp_sha256_final_fu_129  |sha256_final  |        0|   0|  12484|  53424|    0|
    +-------------------------+--------------+---------+----+-------+-------+-----+
    |Total                    |              |        0|   0|  24625| 107178|    0|
    +-------------------------+--------------+---------+----+-------+-------+-----+

    * DSP: 
    N/A

    * Memory: 
    +-------+-------+---------+----+----+-----+------+-----+------+-------------+
    | Memory| Module| BRAM_18K| FF | LUT| URAM| Words| Bits| Banks| W*Bits*Banks|
    +-------+-------+---------+----+----+-----+------+-----+------+-------------+
    |buf_U  |buf    |        0|  16|   4|    0|    32|    8|     1|          256|
    +-------+-------+---------+----+----+-----+------+-----+------+-------------+
    |Total  |       |        0|  16|   4|    0|    32|    8|     1|          256|
    +-------+-------+---------+----+----+-----+------+-----+------+-------------+

    * FIFO: 
    N/A

    * Expression: 
    N/A

    * Multiplexer: 
    +--------------+----+-----------+-----+-----------+
    |     Name     | LUT| Input Size| Bits| Total Bits|
    +--------------+----+-----------+-----+-----------+
    |ap_NS_fsm     |  43|          8|    1|          8|
    |ctx_address0  |  31|          6|    4|         24|
    |ctx_address1  |  31|          6|    4|         24|
    |ctx_ce0       |  20|          4|    1|          4|
    |ctx_ce1       |  20|          4|    1|          4|
    |ctx_d0        |  31|          6|   64|        384|
    |ctx_d1        |  31|          6|   64|        384|
    |ctx_we0       |  20|          4|    8|         32|
    |ctx_we1       |  26|          5|    8|         40|
    +--------------+----+-----------+-----+-----------+
    |Total         | 253|         49|  155|        904|
    +--------------+----+-----------+-----+-----------+

    * Register: 
    +--------------------------------------+---+----+-----+-----------+
    |                 Name                 | FF| LUT| Bits| Const Bits|
    +--------------------------------------+---+----+-----+-----------+
    |ap_CS_fsm                             |  7|   0|    7|          0|
    |grp_pad_fu_136_ap_start_reg           |  1|   0|    1|          0|
    |grp_sha256_final_fu_129_ap_start_reg  |  1|   0|    1|          0|
    +--------------------------------------+---+----+-----+-----------+
    |Total                                 |  9|   0|    9|          0|
    +--------------------------------------+---+----+-----+-----------+



================================================================
== Interface
================================================================
* Summary: 
+--------------+-----+-----+------------+--------------+--------------+
|   RTL Ports  | Dir | Bits|  Protocol  | Source Object|    C Type    |
+--------------+-----+-----+------------+--------------+--------------+
|ap_clk        |   in|    1|  ap_ctrl_hs|        sha256|  return value|
|ap_rst        |   in|    1|  ap_ctrl_hs|        sha256|  return value|
|ap_start      |   in|    1|  ap_ctrl_hs|        sha256|  return value|
|ap_done       |  out|    1|  ap_ctrl_hs|        sha256|  return value|
|ap_idle       |  out|    1|  ap_ctrl_hs|        sha256|  return value|
|ap_ready      |  out|    1|  ap_ctrl_hs|        sha256|  return value|
|ctx_address0  |  out|    4|   ap_memory|           ctx|         array|
|ctx_ce0       |  out|    1|   ap_memory|           ctx|         array|
|ctx_we0       |  out|    8|   ap_memory|           ctx|         array|
|ctx_d0        |  out|   64|   ap_memory|           ctx|         array|
|ctx_q0        |   in|   64|   ap_memory|           ctx|         array|
|ctx_address1  |  out|    4|   ap_memory|           ctx|         array|
|ctx_ce1       |  out|    1|   ap_memory|           ctx|         array|
|ctx_we1       |  out|    8|   ap_memory|           ctx|         array|
|ctx_d1        |  out|   64|   ap_memory|           ctx|         array|
|ctx_q1        |   in|   64|   ap_memory|           ctx|         array|
|text_r        |   in|    8|     ap_none|        text_r|       pointer|
+--------------+-----+-----+------------+--------------+--------------+

