

================================================================
== Synthesis Summary Report of 'sha256'
================================================================
+ General Information: 
    * Date:           Mon Jun 21 01:57:58 2021
    * Version:        2020.2 (Build 3064766 on Wed Nov 18 09:12:45 MST 2020)
    * Project:        sha256
    * Solution:       optimize_5 (Vivado IP Flow Target)
    * Product family: virtexuplus
    * Target device:  xcvu11p-flga2577-1-e
    

+ Performance & Resource Estimates: 
    
    PS: '+' for module; 'o' for loop; '*' for dataflow
    +----------------------+------+-------+---------+-----------+----------+---------+------+----------+---------+----+------------+------------+-----+
    |        Modules       | Issue|       | Latency |  Latency  | Iteration|         | Trip |          |         |    |            |            |     |
    |        & Loops       | Type | Slack | (cycles)|    (ns)   |  Latency | Interval| Count| Pipelined|  BRAM   | DSP|     FF     |     LUT    | URAM|
    +----------------------+------+-------+---------+-----------+----------+---------+------+----------+---------+----+------------+------------+-----+
    |+ sha256              |     -|  -3.95|      153|  1.530e+03|         -|      154|     -|        no|  1 (~0%)|   -|  4022 (~0%)|  2598 (~0%)|    -|
    | o convert_to_words   |     -|  -7.30|       16|    160.000|         1|        1|    16|       yes|        -|   -|           -|           -|    -|
    | o create_schedule    |     -|  -7.30|       48|    480.000|         1|        1|    48|       yes|        -|   -|           -|           -|    -|
    | o compression        |     -|  -7.30|       65|    650.000|         2|        1|    64|       yes|        -|   -|           -|           -|    -|
    | o convert_endianess  |     -|  -7.30|       16|    160.000|         4|        4|     4|       yes|        -|   -|           -|           -|    -|
    +----------------------+------+-------+---------+-----------+----------+---------+------+----------+---------+----+------------+------------+-----+

