

================================================================
== Vitis HLS Report for 'sha256'
================================================================
* Date:           Mon Jun 21 01:57:58 2021

* Version:        2020.2 (Build 3064766 on Wed Nov 18 09:12:45 MST 2020)
* Project:        sha256
* Solution:       optimize_5 (Vivado IP Flow Target)
* Product family: virtexuplus
* Target device:  xcvu11p-flga2577-1-e


================================================================
== Performance Estimates
================================================================
+ Timing: 
    * Summary: 
    +--------+----------+----------+------------+
    |  Clock |  Target  | Estimated| Uncertainty|
    +--------+----------+----------+------------+
    |ap_clk  |  10.00 ns|  3.346 ns|     2.70 ns|
    +--------+----------+----------+------------+

+ Latency: 
    * Summary: 
    +---------+---------+----------+----------+-----+-----+---------+
    |  Latency (cycles) |  Latency (absolute) |  Interval | Pipeline|
    |   min   |   max   |    min   |    max   | min | max |   Type  |
    +---------+---------+----------+----------+-----+-----+---------+
    |      153|      153|  1.530 us|  1.530 us|  154|  154|     none|
    +---------+---------+----------+----------+-----+-----+---------+

    + Detail: 
        * Instance: 
        N/A

        * Loop: 
        +---------------------+---------+---------+----------+-----------+-----------+------+----------+
        |                     |  Latency (cycles) | Iteration|  Initiation Interval  | Trip |          |
        |      Loop Name      |   min   |   max   |  Latency |  achieved |   target  | Count| Pipelined|
        +---------------------+---------+---------+----------+-----------+-----------+------+----------+
        |- convert_to_words   |       16|       16|         1|          1|          1|    16|       yes|
        |- create_schedule    |       48|       48|         1|          1|          1|    48|       yes|
        |- compression        |       65|       65|         2|          1|          1|    64|       yes|
        |- convert_endianess  |       16|       16|         4|          4|          4|     4|       yes|
        +---------------------+---------+---------+----------+-----------+-----------+------+----------+



================================================================
== Utilization Estimates
================================================================
* Summary: 
+---------------------+---------+------+---------+---------+-----+
|         Name        | BRAM_18K|  DSP |    FF   |   LUT   | URAM|
+---------------------+---------+------+---------+---------+-----+
|DSP                  |        -|     -|        -|        -|    -|
|Expression           |        -|     -|        0|     1108|    -|
|FIFO                 |        -|     -|        -|        -|    -|
|Instance             |        -|     -|        0|     1092|    -|
|Memory               |        1|     -|        0|        0|    -|
|Multiplexer          |        -|     -|        -|      398|    -|
|Register             |        -|     -|     4022|        -|    -|
+---------------------+---------+------+---------+---------+-----+
|Total                |        1|     0|     4022|     2598|    0|
+---------------------+---------+------+---------+---------+-----+
|Available SLR        |     1344|  3072|   864000|   432000|  320|
+---------------------+---------+------+---------+---------+-----+
|Utilization SLR (%)  |       ~0|     0|       ~0|       ~0|    0|
+---------------------+---------+------+---------+---------+-----+
|Available            |     4032|  9216|  2592000|  1296000|  960|
+---------------------+---------+------+---------+---------+-----+
|Utilization (%)      |       ~0|     0|       ~0|       ~0|    0|
+---------------------+---------+------+---------+---------+-----+

+ Detail: 
    * Instance: 
    +-------------------+----------------+---------+----+---+-----+-----+
    |      Instance     |     Module     | BRAM_18K| DSP| FF| LUT | URAM|
    +-------------------+----------------+---------+----+---+-----+-----+
    |mux_646_32_1_1_U1  |mux_646_32_1_1  |        0|   0|  0|  273|    0|
    |mux_646_32_1_1_U2  |mux_646_32_1_1  |        0|   0|  0|  273|    0|
    |mux_646_32_1_1_U3  |mux_646_32_1_1  |        0|   0|  0|  273|    0|
    |mux_646_32_1_1_U4  |mux_646_32_1_1  |        0|   0|  0|  273|    0|
    +-------------------+----------------+---------+----+---+-----+-----+
    |Total              |                |        0|   0|  0| 1092|    0|
    +-------------------+----------------+---------+----+---+-----+-----+

    * DSP: 
    N/A

    * Memory: 
    +-------+-------+---------+---+----+-----+------+-----+------+-------------+
    | Memory| Module| BRAM_18K| FF| LUT| URAM| Words| Bits| Banks| W*Bits*Banks|
    +-------+-------+---------+---+----+-----+------+-----+------+-------------+
    |k_U    |k      |        1|  0|   0|    0|    64|   32|     1|         2048|
    +-------+-------+---------+---+----+-----+------+-----+------+-------------+
    |Total  |       |        1|  0|   0|    0|    64|   32|     1|         2048|
    +-------+-------+---------+---+----+-----+------+-----+------+-------------+

    * FIFO: 
    N/A

    * Expression: 
    +-----------------------+----------+----+---+-----+------------+------------+
    |     Variable Name     | Operation| DSP| FF| LUT | Bitwidth P0| Bitwidth P1|
    +-----------------------+----------+----+---+-----+------------+------------+
    |a_2_fu_2380_p2         |         +|   0|  0|   32|          32|          32|
    |add_ln30_fu_894_p2     |         +|   0|  0|   12|           5|           1|
    |add_ln33_fu_1968_p2    |         +|   0|  0|   14|           7|           1|
    |add_ln34_1_fu_1716_p2  |         +|   0|  0|   39|          32|          32|
    |add_ln34_fu_1710_p2    |         +|   0|  0|   32|          32|          32|
    |add_ln47_fu_1974_p2    |         +|   0|  0|   14|           7|           1|
    |add_ln48_1_fu_2249_p2  |         +|   0|  0|   32|          32|          32|
    |add_ln48_2_fu_2254_p2  |         +|   0|  0|   32|          32|          32|
    |add_ln48_fu_2243_p2    |         +|   0|  0|   32|          32|          32|
    |add_ln57_fu_2374_p2    |         +|   0|  0|   32|          32|          32|
    |add_ln62_fu_2391_p2    |         +|   0|  0|   39|          32|          32|
    |add_ln76_fu_2396_p2    |         +|   0|  0|   10|           3|           1|
    |add_ln82_fu_2493_p2    |         +|   0|  0|   12|           5|           5|
    |e_fu_2368_p2           |         +|   0|  0|   39|          32|          32|
    |m_16_fu_1722_p2        |         +|   0|  0|   32|          32|          32|
    |t1_fu_2260_p2          |         +|   0|  0|   32|          32|          32|
    |sub_ln77_fu_2420_p2    |         -|   0|  0|   12|           5|           5|
    |and_ln48_1_fu_2231_p2  |       and|   0|  0|   32|          32|          32|
    |and_ln48_fu_2219_p2    |       and|   0|  0|   32|          32|          32|
    |and_ln49_1_fu_2356_p2  |       and|   0|  0|   32|          32|          32|
    |and_ln49_fu_2350_p2    |       and|   0|  0|   32|          32|          32|
    |icmp_ln30_fu_906_p2    |      icmp|   0|  0|   10|           5|           6|
    |icmp_ln33_fu_1164_p2   |      icmp|   0|  0|   11|           7|           8|
    |icmp_ln47_fu_1980_p2   |      icmp|   0|  0|   11|           7|           8|
    |icmp_ln76_fu_2402_p2   |      icmp|   0|  0|    9|           3|           4|
    |lshr_ln77_fu_2430_p2   |      lshr|   0|  0|  100|          32|          32|
    |ap_condition_518       |        or|   0|  0|    2|           1|           1|
    |ap_enable_pp2          |       xor|   0|  0|    2|           1|           2|
    |xor_ln34_1_fu_1238_p2  |       xor|   0|  0|   32|          32|          32|
    |xor_ln34_2_fu_1566_p2  |       xor|   0|  0|   32|          32|          32|
    |xor_ln34_3_fu_1572_p2  |       xor|   0|  0|   32|          32|          32|
    |xor_ln34_fu_1232_p2    |       xor|   0|  0|   32|          32|          32|
    |xor_ln48_1_fu_2213_p2  |       xor|   0|  0|   32|          32|          32|
    |xor_ln48_2_fu_2225_p2  |       xor|   0|  0|   32|          32|           2|
    |xor_ln48_3_fu_2237_p2  |       xor|   0|  0|   32|          32|          32|
    |xor_ln48_fu_2207_p2    |       xor|   0|  0|   32|          32|          32|
    |xor_ln49_1_fu_2338_p2  |       xor|   0|  0|   32|          32|          32|
    |xor_ln49_2_fu_2344_p2  |       xor|   0|  0|   32|          32|          32|
    |xor_ln49_3_fu_2362_p2  |       xor|   0|  0|   32|          32|          32|
    |xor_ln49_fu_2332_p2    |       xor|   0|  0|   32|          32|          32|
    |xor_ln78_fu_2439_p2    |       xor|   0|  0|    4|           3|           4|
    +-----------------------+----------+----+---+-----+------------+------------+
    |Total                  |          |   0|  0| 1108|         955|         913|
    +-----------------------+----------+----+---+-----+------------+------------+

    * Multiplexer: 
    +------------------------------------+-----+-----------+-----+-----------+
    |                Name                | LUT | Input Size| Bits| Total Bits|
    +------------------------------------+-----+-----------+-----+-----------+
    |a_3_reg_818                         |    9|          2|   32|         64|
    |ap_NS_fsm                           |   65|         13|    1|         13|
    |ap_enable_reg_pp2_iter1             |    9|          2|    1|          2|
    |ap_phi_mux_phi_ln34_phi_fu_709_p96  |  213|         49|   32|       1568|
    |hash_address0                       |   26|          5|    5|         25|
    |hash_address1                       |   26|          5|    5|         25|
    |hash_d1                             |   14|          3|    8|         24|
    |i_1_reg_695                         |    9|          2|    7|         14|
    |i_2_reg_807                         |    9|          2|    7|         14|
    |i_reg_684                           |    9|          2|    5|         10|
    |r_reg_828                           |    9|          2|    3|          6|
    +------------------------------------+-----+-----------+-----+-----------+
    |Total                               |  398|         87|  106|       1765|
    +------------------------------------+-----+-----------+-----+-----------+

    * Register: 
    +-------------------------+----+----+-----+-----------+
    |           Name          | FF | LUT| Bits| Const Bits|
    +-------------------------+----+----+-----+-----------+
    |a_3_reg_818              |  32|   0|   32|          0|
    |a_reg_3237               |  32|   0|   32|          0|
    |add_ln62_reg_3267        |  32|   0|   32|          0|
    |add_ln76_reg_3272        |   3|   0|    3|          0|
    |ap_CS_fsm                |  12|   0|   12|          0|
    |ap_enable_reg_pp2_iter0  |   1|   0|    1|          0|
    |ap_enable_reg_pp2_iter1  |   1|   0|    1|          0|
    |c_fu_572                 |  32|   0|   32|          0|
    |d_1_fu_568               |  32|   0|   32|          0|
    |d_fu_564                 |  32|   0|   32|          0|
    |f_fu_560                 |  32|   0|   32|          0|
    |g_fu_556                 |  32|   0|   32|          0|
    |h_1_fu_552               |  32|   0|   32|          0|
    |h_fu_548                 |  32|   0|   32|          0|
    |i_1_reg_695              |   7|   0|    7|          0|
    |i_2_reg_807              |   7|   0|    7|          0|
    |i_reg_684                |   5|   0|    5|          0|
    |icmp_ln47_reg_3248       |   1|   0|    1|          0|
    |m_0_reg_2616             |  32|   0|   32|          0|
    |m_15_10_fu_332           |  32|   0|   32|          0|
    |m_15_11_fu_336           |  32|   0|   32|          0|
    |m_15_12_fu_340           |  32|   0|   32|          0|
    |m_15_13_fu_344           |  32|   0|   32|          0|
    |m_15_14_fu_348           |  32|   0|   32|          0|
    |m_15_15_fu_352           |  32|   0|   32|          0|
    |m_15_1_fu_296            |  32|   0|   32|          0|
    |m_15_1_load_reg_2650     |  32|   0|   32|          0|
    |m_15_2_fu_300            |  32|   0|   32|          0|
    |m_15_3_fu_304            |  32|   0|   32|          0|
    |m_15_4_fu_308            |  32|   0|   32|          0|
    |m_15_5_fu_312            |  32|   0|   32|          0|
    |m_15_6_fu_316            |  32|   0|   32|          0|
    |m_15_7_fu_320            |  32|   0|   32|          0|
    |m_15_8_fu_324            |  32|   0|   32|          0|
    |m_15_9_fu_328            |  32|   0|   32|          0|
    |m_15_fu_292              |  32|   0|   32|          0|
    |m_15_load_reg_2641       |  32|   0|   32|          0|
    |m_63_10_fu_396           |  32|   0|   32|          0|
    |m_63_10_load_reg_3003    |  32|   0|   32|          0|
    |m_63_11_fu_400           |  32|   0|   32|          0|
    |m_63_11_load_reg_3008    |  32|   0|   32|          0|
    |m_63_12_fu_404           |  32|   0|   32|          0|
    |m_63_12_load_reg_3013    |  32|   0|   32|          0|
    |m_63_13_fu_408           |  32|   0|   32|          0|
    |m_63_13_load_reg_3018    |  32|   0|   32|          0|
    |m_63_14_fu_412           |  32|   0|   32|          0|
    |m_63_14_load_reg_3023    |  32|   0|   32|          0|
    |m_63_15_fu_416           |  32|   0|   32|          0|
    |m_63_15_load_reg_3028    |  32|   0|   32|          0|
    |m_63_16_fu_420           |  32|   0|   32|          0|
    |m_63_16_load_reg_3033    |  32|   0|   32|          0|
    |m_63_17_fu_424           |  32|   0|   32|          0|
    |m_63_17_load_reg_3038    |  32|   0|   32|          0|
    |m_63_18_fu_428           |  32|   0|   32|          0|
    |m_63_18_load_reg_3043    |  32|   0|   32|          0|
    |m_63_19_fu_432           |  32|   0|   32|          0|
    |m_63_19_load_reg_3048    |  32|   0|   32|          0|
    |m_63_1_fu_360            |  32|   0|   32|          0|
    |m_63_1_load_reg_2958     |  32|   0|   32|          0|
    |m_63_20_fu_436           |  32|   0|   32|          0|
    |m_63_20_load_reg_3053    |  32|   0|   32|          0|
    |m_63_21_fu_440           |  32|   0|   32|          0|
    |m_63_21_load_reg_3058    |  32|   0|   32|          0|
    |m_63_22_fu_444           |  32|   0|   32|          0|
    |m_63_22_load_reg_3063    |  32|   0|   32|          0|
    |m_63_23_fu_448           |  32|   0|   32|          0|
    |m_63_23_load_reg_3068    |  32|   0|   32|          0|
    |m_63_24_fu_452           |  32|   0|   32|          0|
    |m_63_24_load_reg_3073    |  32|   0|   32|          0|
    |m_63_25_fu_456           |  32|   0|   32|          0|
    |m_63_25_load_reg_3078    |  32|   0|   32|          0|
    |m_63_26_fu_460           |  32|   0|   32|          0|
    |m_63_26_load_reg_3083    |  32|   0|   32|          0|
    |m_63_27_fu_464           |  32|   0|   32|          0|
    |m_63_27_load_reg_3088    |  32|   0|   32|          0|
    |m_63_28_fu_468           |  32|   0|   32|          0|
    |m_63_28_load_reg_3093    |  32|   0|   32|          0|
    |m_63_29_fu_472           |  32|   0|   32|          0|
    |m_63_29_load_reg_3098    |  32|   0|   32|          0|
    |m_63_2_fu_364            |  32|   0|   32|          0|
    |m_63_2_load_reg_2963     |  32|   0|   32|          0|
    |m_63_30_fu_476           |  32|   0|   32|          0|
    |m_63_30_load_reg_3103    |  32|   0|   32|          0|
    |m_63_31_fu_480           |  32|   0|   32|          0|
    |m_63_31_load_reg_3108    |  32|   0|   32|          0|
    |m_63_32_fu_484           |  32|   0|   32|          0|
    |m_63_32_load_reg_3113    |  32|   0|   32|          0|
    |m_63_33_fu_488           |  32|   0|   32|          0|
    |m_63_33_load_reg_3118    |  32|   0|   32|          0|
    |m_63_34_fu_492           |  32|   0|   32|          0|
    |m_63_34_load_reg_3123    |  32|   0|   32|          0|
    |m_63_35_fu_496           |  32|   0|   32|          0|
    |m_63_35_load_reg_3128    |  32|   0|   32|          0|
    |m_63_36_fu_500           |  32|   0|   32|          0|
    |m_63_36_load_reg_3133    |  32|   0|   32|          0|
    |m_63_37_fu_504           |  32|   0|   32|          0|
    |m_63_37_load_reg_3138    |  32|   0|   32|          0|
    |m_63_38_fu_508           |  32|   0|   32|          0|
    |m_63_38_load_reg_3143    |  32|   0|   32|          0|
    |m_63_39_fu_512           |  32|   0|   32|          0|
    |m_63_39_load_reg_3148    |  32|   0|   32|          0|
    |m_63_3_fu_368            |  32|   0|   32|          0|
    |m_63_3_load_reg_2968     |  32|   0|   32|          0|
    |m_63_40_fu_516           |  32|   0|   32|          0|
    |m_63_40_load_reg_3153    |  32|   0|   32|          0|
    |m_63_41_fu_520           |  32|   0|   32|          0|
    |m_63_41_load_reg_3158    |  32|   0|   32|          0|
    |m_63_42_fu_524           |  32|   0|   32|          0|
    |m_63_42_load_reg_3163    |  32|   0|   32|          0|
    |m_63_43_fu_528           |  32|   0|   32|          0|
    |m_63_43_load_reg_3168    |  32|   0|   32|          0|
    |m_63_44_fu_532           |  32|   0|   32|          0|
    |m_63_44_load_reg_3173    |  32|   0|   32|          0|
    |m_63_45_fu_536           |  32|   0|   32|          0|
    |m_63_45_load_reg_3178    |  32|   0|   32|          0|
    |m_63_46_fu_540           |  32|   0|   32|          0|
    |m_63_47_fu_544           |  32|   0|   32|          0|
    |m_63_4_fu_372            |  32|   0|   32|          0|
    |m_63_4_load_reg_2973     |  32|   0|   32|          0|
    |m_63_5_fu_376            |  32|   0|   32|          0|
    |m_63_5_load_reg_2978     |  32|   0|   32|          0|
    |m_63_6_fu_380            |  32|   0|   32|          0|
    |m_63_6_load_reg_2983     |  32|   0|   32|          0|
    |m_63_7_fu_384            |  32|   0|   32|          0|
    |m_63_7_load_reg_2988     |  32|   0|   32|          0|
    |m_63_8_fu_388            |  32|   0|   32|          0|
    |m_63_8_load_reg_2993     |  32|   0|   32|          0|
    |m_63_9_fu_392            |  32|   0|   32|          0|
    |m_63_9_load_reg_2998     |  32|   0|   32|          0|
    |m_63_fu_356              |  32|   0|   32|          0|
    |m_63_load_reg_2953       |  32|   0|   32|          0|
    |or_ln3_reg_3291          |   3|   0|    4|          1|
    |r_reg_828                |   3|   0|    3|          0|
    |tmp_2_reg_3257           |  32|   0|   32|          0|
    |trunc_ln77_1_reg_3280    |   8|   0|    8|          0|
    |xor_ln78_reg_3285        |   3|   0|    3|          0|
    +-------------------------+----+----+-----+-----------+
    |Total                    |4022|   0| 4023|          1|
    +-------------------------+----+----+-----+-----------+



================================================================
== Interface
================================================================
* Summary: 
+-------------------+-----+-----+------------+--------------+--------------+
|     RTL Ports     | Dir | Bits|  Protocol  | Source Object|    C Type    |
+-------------------+-----+-----+------------+--------------+--------------+
|ap_clk             |   in|    1|  ap_ctrl_hs|        sha256|  return value|
|ap_rst             |   in|    1|  ap_ctrl_hs|        sha256|  return value|
|ap_start           |   in|    1|  ap_ctrl_hs|        sha256|  return value|
|ap_done            |  out|    1|  ap_ctrl_hs|        sha256|  return value|
|ap_idle            |  out|    1|  ap_ctrl_hs|        sha256|  return value|
|ap_ready           |  out|    1|  ap_ctrl_hs|        sha256|  return value|
|stateREG_i         |   in|   32|     ap_ovld|      stateREG|       pointer|
|stateREG_o         |  out|   32|     ap_ovld|      stateREG|       pointer|
|stateREG_o_ap_vld  |  out|    1|     ap_ovld|      stateREG|       pointer|
|data               |   in|    8|     ap_none|          data|       pointer|
|hash_address0      |  out|    5|   ap_memory|          hash|         array|
|hash_ce0           |  out|    1|   ap_memory|          hash|         array|
|hash_we0           |  out|    1|   ap_memory|          hash|         array|
|hash_d0            |  out|    8|   ap_memory|          hash|         array|
|hash_address1      |  out|    5|   ap_memory|          hash|         array|
|hash_ce1           |  out|    1|   ap_memory|          hash|         array|
|hash_we1           |  out|    1|   ap_memory|          hash|         array|
|hash_d1            |  out|    8|   ap_memory|          hash|         array|
+-------------------+-----+-----+------------+--------------+--------------+

